// Jest Snapshot v1, https://goo.gl/fbAQLP

exports[`<SidebarHeader /> matches snapshot 1`] = `
<div
  className="SidebarHeader-drawerHeader-1"
>
  <WithStyles(IconButton)
    onClick={[MockFunction]}
  >
    <pure(ChevronLeftIcon) />
  </WithStyles(IconButton)>
</div>
`;
