// Jest Snapshot v1, https://goo.gl/fbAQLP

exports[`<BackHomeButton /> matches snapshot 1`] = `
<WithStyles(Button)
  className="NoWhereHomeButton-button-1"
  color="default"
  onClick={[MockFunction]}
  variant="raised"
>
  Bring me back home!
</WithStyles(Button)>
`;
